Curling https://webmail.embl-hamburg.de/appsuite/
HTTP/1.1 404 Not Found
Date: Sun, 22 Jan 2023 11:40:46 GMT
Server: Apache/2.4.6 (CentOS) OpenSSL/1.0.2k-fips mod_fcgid/2.3.9 PHP/5.4.16
X-Frame-Options: SAMEORIGIN
Content-Length: 211
Content-Type: text/html; charset=iso-8859-1

Curling https://212.44.167.54:443/
HTTP/2 403 
date: Sun, 22 Jan 2023 11:40:47 GMT
server: Apache/2.4.38 (Debian)
content-length: 279
content-type: text/html; charset=iso-8859-1

Curling https://176.57.188.3/webmail/
HTTP/1.1 301 Moved Permanently
Server: nginx
Date: Sun, 22 Jan 2023 11:40:47 GMT
Content-Type: text/html
Content-Length: 178
Location: https://176.57.188.3/webmail/logs/
Connection: keep-alive

<html>
<head><title>301 Moved Permanently</title></head>
<body bgcolor="white">
<center><h1>301 Moved Permanently</h1></center>
<hr><center>nginx</center>
</body>
</html>
Curling https://176.57.188.3:443/webmail/
HTTP/1.1 301 Moved Permanently
Server: nginx
Date: Sun, 22 Jan 2023 11:40:47 GMT
Content-Type: text/html
Content-Length: 178
Location: https://176.57.188.3/webmail/logs/
Connection: keep-alive

<html>
<head><title>301 Moved Permanently</title></head>
<body bgcolor="white">
<center><h1>301 Moved Permanently</h1></center>
<hr><center>nginx</center>
</body>
</html>
Curling http://176.57.188.49/
HTTP/1.1 404 Not Found
Content-Type: text/html
Server: Microsoft-IIS/10.0
X-Powered-By: ASP.NET
Date: Sun, 22 Jan 2023 11:40:47 GMT
Content-Length: 1245

Curling https://mail.kompletit.cz
HTTP/1.1 403 Forbidden
Date: Sun, 22 Jan 2023 11:40:47 GMT
Server: Apache
Content-Length: 199
Content-Type: text/html; charset=iso-8859-1

Curling https://176.57.188.176:443/
HTTP/1.1 403 Forbidden
Date: Sun, 22 Jan 2023 11:40:48 GMT
Server: Apache
Content-Length: 199
Content-Type: text/html; charset=iso-8859-1

Curling https://176.57.188.239:443/
HTTP/1.1 403 Forbidden
Date: Sun, 22 Jan 2023 11:40:48 GMT
Server: Apache/2.4.41 (Ubuntu)
Content-Length: 280
Content-Type: text/html; charset=iso-8859-1

Curling https://webmail.embl-hamburg.de/appsuite/
HTTP/1.1 404 Not Found
Date: Sun, 22 Jan 2023 11:41:34 GMT
Server: Apache/2.4.6 (CentOS) OpenSSL/1.0.2k-fips mod_fcgid/2.3.9 PHP/5.4.16
X-Frame-Options: SAMEORIGIN
Content-Length: 212
Content-Type: text/html; charset=iso-8859-1

Curling https://212.44.167.54:443/
HTTP/2 403 
date: Sun, 22 Jan 2023 11:41:34 GMT
server: Apache/2.4.38 (Debian)
content-length: 279
content-type: text/html; charset=iso-8859-1

Curling https://176.57.188.3/webmail/
HTTP/1.1 403 Forbidden
Server: nginx
Date: Sun, 22 Jan 2023 11:41:34 GMT
Content-Type: text/html
Content-Length: 162
Connection: keep-alive
Vary: Accept-Encoding

Curling https://176.57.188.3:443/webmail/
HTTP/1.1 403 Forbidden
Server: nginx
Date: Sun, 22 Jan 2023 11:41:34 GMT
Content-Type: text/html
Content-Length: 162
Connection: keep-alive
Vary: Accept-Encoding

Curling http://176.57.188.49/
HTTP/1.1 404 Not Found
Content-Type: text/html
Server: Microsoft-IIS/10.0
X-Powered-By: ASP.NET
Date: Sun, 22 Jan 2023 11:41:34 GMT
Content-Length: 1245

Curling https://mail.kompletit.cz
HTTP/1.1 403 Forbidden
Date: Sun, 22 Jan 2023 11:41:35 GMT
Server: Apache
Content-Length: 199
Content-Type: text/html; charset=iso-8859-1

Curling https://176.57.188.176:443/
HTTP/1.1 403 Forbidden
Date: Sun, 22 Jan 2023 11:41:35 GMT
Server: Apache
Content-Length: 199
Content-Type: text/html; charset=iso-8859-1

Curling https://176.57.188.239:443/
HTTP/1.1 403 Forbidden
Date: Sun, 22 Jan 2023 11:41:35 GMT
Server: Apache/2.4.41 (Ubuntu)
Content-Length: 280
Content-Type: text/html; charset=iso-8859-1

